// Jest Snapshot v1, https://goo.gl/fbAQLP

exports[`shouldItemRender returns items where some word starts with the value, but not items matching in the middle of a word 1`] = `
Array [
  Object {
    "caption": "oregon",
    "value": "",
  },
]
`;
